// Jest Snapshot v1, https://goo.gl/fbAQLP

exports[` 1`] = `
<div
  className="pusher"
>
  <div
    className="ui vertical masthead center aligned segment"
  >
    <div
      className="center aligned column"
    >
      <h1
        className="ui  header"
      >
        <div
          className="content"
        >
          REQUEST DEMO
          <div
            className="sub header"
          >
            <h2>
               Please fill your contact details below:
            </h2>
          </div>
        </div>
      </h1>
    </div>
    <div
      className="row"
    >
      <div
        className="ui container"
      >
        <div
          className="center aligned column"
        >
          <form
            className="ui form"
            onSubmit={[Function]}
          >
            <div>
              <input
                name="name"
                onBlur={[Function]}
                onChange={[Function]}
                onDragStart={[Function]}
                onDrop={[Function]}
                onFocus={[Function]}
                placeholder="Nom"
                type="text"
                value=""
              />
            </div>
            <br />
            <div>
              <input
                name="email"
                onBlur={[Function]}
                onChange={[Function]}
                onDragStart={[Function]}
                onDrop={[Function]}
                onFocus={[Function]}
                placeholder="Email"
                type="email"
                value=""
              />
            </div>
            <br />
            <div>
              <input
                name="subject"
                onBlur={[Function]}
                onChange={[Function]}
                onDragStart={[Function]}
                onDrop={[Function]}
                onFocus={[Function]}
                placeholder="Sujet"
                type="text"
                value=""
              />
            </div>
            <br />
            <div>
              <input
                name="phone"
                onBlur={[Function]}
                onChange={[Function]}
                onDragStart={[Function]}
                onDrop={[Function]}
                onFocus={[Function]}
                placeholder="Téléphone"
                type="text"
                value=""
              />
            </div>
            <br />
            <div>
              <input
                name="adresse"
                onBlur={[Function]}
                onChange={[Function]}
                onDragStart={[Function]}
                onDrop={[Function]}
                onFocus={[Function]}
                placeholder="Adresse"
                type="text"
                value=""
              />
            </div>
            <br />
            <div>
              <button
                className="massive ui button"
                disabled={true}
                onClick={[Function]}
                type="button"
              >
                Clear Values
              </button>
              <button
                className="positive massive ui button"
                disabled={false}
                type="submit"
              >
                Send
                <i
                  className="right arrow icon"
                />
              </button>
            </div>
          </form>
        </div>
      </div>
    </div>
    <br />
    <div
      className="ui vertical olive inverted footer segment"
    >
      <div
        className="ui seven columns center aligned stackable grid"
      >
        <div
          className="three wide column"
        >
          <a
            href=""
            tabIndex="-1"
            target="_self"
          >
            <svg
              className="logo"
              preserveAspectRatio="xMidYMid meet"
              role="img"
              viewBox="-7.7116809713429575 -16.75102391736263 313.60835950127966 385.58404856714714"
              xmlns="http://www.w3.org/2000/svg"
            >
              <g
                className="stylesvgbottom"
              >
                <path
                  d="M298.185 264.061l-149.093 88.021L0 264.061V88.021L149.092 0l149.093 88.021v176.04z"
                />
                <text
                  x="150"
                  y="190"
                >
                  <tspan>
                    DATO
                  </tspan>
                </text>
              </g>
            </svg>
          </a>
        </div>
        <div
          className="two wide column"
        >
          <h2
            className="ui left aligned header"
          >
            <div
              className="ui divider"
            />
            <div
              className="content"
            >
              LINKS
              <div
                className="sub header"
              >
                <div
                  className="ui link list"
                >
                  <br />
                  <a
                    className="item active"
                    href="#"
                    onClick={[Function]}
                  >
                    Home 
                  </a>
                  <a
                    className="item"
                    href="#product"
                    onClick={[Function]}
                  >
                    Product
                  </a>
                  <a
                    className="item"
                    href="#about"
                    onClick={[Function]}
                  >
                    About
                  </a>
                  <a
                    className="item"
                    href="#featured"
                    onClick={[Function]}
                  >
                    Featured
                  </a>
                  <a
                    className="item"
                    href="#contact"
                    onClick={[Function]}
                  >
                    Contact
                  </a>
                  <a
                    className="item"
                    href="#demo"
                    onClick={[Function]}
                  >
                    Demo
                  </a>
                </div>
              </div>
            </div>
          </h2>
        </div>
        <div
          className="two wide column"
        >
          <h2
            className="ui left aligned header"
          >
            <div
              className="ui divider"
            />
            <div
              className="content"
            >
              ABOUT
              <div
                className="sub header"
              >
                <div
                  className="ui link list"
                >
                  <br />
                  <a
                    className="item"
                    href=""
                  >
                    info@mysite.com 
                  </a>
                  <a
                    className="item"
                    href=""
                  >
                    info@mysite.com
                  </a>
                  <p
                    className="item"
                  >
                    Tel: 123-456-7890
                  </p>
                  <p
                    className="item"
                  >
                    500 Terry Francois Street
                  </p>
                  <p
                    className="item"
                  >
                    San Francisco, CA 94158
                  </p>
                </div>
              </div>
            </div>
          </h2>
        </div>
        <div
          className="two wide column"
        >
          <h2
            className="ui left aligned header"
          >
            <div
              className="ui divider"
            />
            <div
              className="content"
            >
              SOCIAL
              <div
                className="sub header"
              >
                <br />
                <button
                  className="ui circular facebook icon button"
                >
                  <i
                    className="facebook icon"
                  />
                </button>
                <button
                  className="ui circular twitter icon button"
                >
                  <i
                    className="twitter icon"
                  />
                </button>
                <button
                  className="ui circular linkedin icon button"
                >
                  <i
                    className="linkedin icon"
                  />
                </button>
                <button
                  className="ui circular google plus icon button"
                >
                  <i
                    className="google plus icon"
                  />
                </button>
              </div>
            </div>
          </h2>
        </div>
      </div>
    </div>
    <div
      className="ui vertical wide left aligned segment"
    >
      © 2018 by Rezak. App created with ReactJS
    </div>
  </div>
</div>
`;
